// Jest Snapshot v1, https://goo.gl/fbAQLP

exports[`should render expense list item with expense 1`] = `
<Link
  activeClassName="is-active"
  className="list-item"
  exact={true}
  replace={false}
  to="/edit/abcdef"
>
  <div>
    <h3
      className="list-item__title"
    >
      januray rent
    </h3>
    <span
      className="list-item__subtitle"
    >
      January 1st, 1970
    </span>
  </div>
  <h3
    className="list-item__data"
  >
     
    $542.20
     
  </h3>
</Link>
`;
