// Jest Snapshot v1, https://goo.gl/fbAQLP

exports[`should render expense Dashboard 1`] = `
<div>
  404!
  <NavLink
    activeClassName="is-active"
    to="/"
  >
     Go Home 
  </NavLink>
</div>
`;
